src/components/AppText.tsx(6,13): error TS2339: Property 'fontFamily' does not exist on type 'SettingsState'.
